// 同步 ID: 7efd39ef @ Sat Jul 18 14:31:36 UTC 2026
// 同步 ID: 6bfa439e @ Sat Jul 18 16:41:14 UTC 2026
// 重构日志: d69ff099
// 重构日志: 601ab63b
// 重构日志: f4e7c2b2
// 同步 ID: a40b3d84 @ Mon Jul 20 12:15:46 UTC 2026
// 同步 ID: e7eb7427 @ Mon Jul 20 17:22:18 UTC 2026
// 重构日志: 25f5437e
// 重构日志: dca20ad8
// 重构日志: 7b51d3ce
// 重构日志: ee0dc398
// 同步 ID: 4b0e4fd7 @ Thu Jul 23 14:01:07 UTC 2026
// 重构日志: 87128d34
// 重构日志: 49e4b33b
// 重构日志: 983b3caf
// 重构日志: bfcdbaa6
// 同步 ID: f921e56f @ Fri Jul 24 22:36:21 UTC 2026
// 重构日志: a064effe
// 重构日志: 87e7a929
// 重构日志: fd193621
// 重构日志: 77d80611
// 重构日志: a1defeff
// 重构日志: 8a3e0c57
// 同步 ID: 5196dc73 @ Wed Jul 29 16:15:26 UTC 2026
// 重构日志: 3e87976b
// 同步 ID: 8d103e61 @ Thu Jul 30 21:35:56 UTC 2026
// 重构日志: 6351ae53
// 同步 ID: d247e0f3 @ Sat Aug  1 03:12:08 UTC 2026
// 同步 ID: 24c77629 @ Sat Aug  1 06:12:18 UTC 2026
// 同步 ID: 6ed8d5e9 @ Sat Aug  1 23:40:29 UTC 2026
// 重构日志: fbb78221
// 重构日志: 5d9b815a
// 重构日志: 5966046d
